  Determining projects to restore...
  All projects are up-to-date for restore.
C:\Users\SHAH\source\repos\sqlSense\Services\SimulationService.cs(70,23): warning CS8618: Non-nullable property 'Status' must contain a non-null value when exiting constructor. Consider adding the 'required' modifier or declaring the property as nullable. [C:\Users\SHAH\source\repos\sqlSense\sqlSense_5pbvaapq_wpftmp.csproj]
C:\Users\SHAH\source\repos\sqlSense\Services\SimulationService.cs(76,56): warning CS8618: Non-nullable property 'FlowData' must contain a non-null value when exiting constructor. Consider adding the 'required' modifier or declaring the property as nullable. [C:\Users\SHAH\source\repos\sqlSense\sqlSense_5pbvaapq_wpftmp.csproj]
C:\Users\SHAH\source\repos\sqlSense\Services\SimulationService.cs(61,23): warning CS8618: Non-nullable property 'From' must contain a non-null value when exiting constructor. Consider adding the 'required' modifier or declaring the property as nullable. [C:\Users\SHAH\source\repos\sqlSense\sqlSense_5pbvaapq_wpftmp.csproj]
C:\Users\SHAH\source\repos\sqlSense\Services\SimulationService.cs(64,23): warning CS8618: Non-nullable property 'To' must contain a non-null value when exiting constructor. Consider adding the 'required' modifier or declaring the property as nullable. [C:\Users\SHAH\source\repos\sqlSense\sqlSense_5pbvaapq_wpftmp.csproj]
C:\Users\SHAH\source\repos\sqlSense\Services\SimulationService.cs(49,23): warning CS8618: Non-nullable property 'Id' must contain a non-null value when exiting constructor. Consider adding the 'required' modifier or declaring the property as nullable. [C:\Users\SHAH\source\repos\sqlSense\sqlSense_5pbvaapq_wpftmp.csproj]
C:\Users\SHAH\source\repos\sqlSense\Services\SimulationService.cs(52,23): warning CS8618: Non-nullable property 'NodeType' must contain a non-null value when exiting constructor. Consider adding the 'required' modifier or declaring the property as nullable. [C:\Users\SHAH\source\repos\sqlSense\sqlSense_5pbvaapq_wpftmp.csproj]
C:\Users\SHAH\source\repos\sqlSense\Services\SimulationService.cs(55,23): warning CS8618: Non-nullable property 'Metadata' must contain a non-null value when exiting constructor. Consider adding the 'required' modifier or declaring the property as nullable. [C:\Users\SHAH\source\repos\sqlSense\sqlSense_5pbvaapq_wpftmp.csproj]
C:\Users\SHAH\source\repos\sqlSense\Services\SimulationService.cs(27,37): warning CS8600: Converting null literal or possible null value to non-nullable type. [C:\Users\SHAH\source\repos\sqlSense\sqlSense_5pbvaapq_wpftmp.csproj]
C:\Users\SHAH\source\repos\sqlSense\Services\SimulationService.cs(28,72): warning CS8604: Possible null reference argument for parameter 'value' in 'SimulationResult? JsonConvert.DeserializeObject<SimulationResult>(string value)'. [C:\Users\SHAH\source\repos\sqlSense\sqlSense_5pbvaapq_wpftmp.csproj]
C:\Users\SHAH\source\repos\sqlSense\Services\SimulationService.cs(28,24): warning CS8603: Possible null reference return. [C:\Users\SHAH\source\repos\sqlSense\sqlSense_5pbvaapq_wpftmp.csproj]
C:\Users\SHAH\source\repos\sqlSense\Services\SimulationService.cs(70,23): warning CS8618: Non-nullable property 'Status' must contain a non-null value when exiting constructor. Consider adding the 'required' modifier or declaring the property as nullable. [C:\Users\SHAH\source\repos\sqlSense\sqlSense.csproj]
C:\Users\SHAH\source\repos\sqlSense\Services\SimulationService.cs(76,56): warning CS8618: Non-nullable property 'FlowData' must contain a non-null value when exiting constructor. Consider adding the 'required' modifier or declaring the property as nullable. [C:\Users\SHAH\source\repos\sqlSense\sqlSense.csproj]
C:\Users\SHAH\source\repos\sqlSense\Services\SimulationService.cs(61,23): warning CS8618: Non-nullable property 'From' must contain a non-null value when exiting constructor. Consider adding the 'required' modifier or declaring the property as nullable. [C:\Users\SHAH\source\repos\sqlSense\sqlSense.csproj]
C:\Users\SHAH\source\repos\sqlSense\Services\SimulationService.cs(64,23): warning CS8618: Non-nullable property 'To' must contain a non-null value when exiting constructor. Consider adding the 'required' modifier or declaring the property as nullable. [C:\Users\SHAH\source\repos\sqlSense\sqlSense.csproj]
C:\Users\SHAH\source\repos\sqlSense\Services\SimulationService.cs(49,23): warning CS8618: Non-nullable property 'Id' must contain a non-null value when exiting constructor. Consider adding the 'required' modifier or declaring the property as nullable. [C:\Users\SHAH\source\repos\sqlSense\sqlSense.csproj]
C:\Users\SHAH\source\repos\sqlSense\Services\SimulationService.cs(52,23): warning CS8618: Non-nullable property 'NodeType' must contain a non-null value when exiting constructor. Consider adding the 'required' modifier or declaring the property as nullable. [C:\Users\SHAH\source\repos\sqlSense\sqlSense.csproj]
C:\Users\SHAH\source\repos\sqlSense\Services\SimulationService.cs(55,23): warning CS8618: Non-nullable property 'Metadata' must contain a non-null value when exiting constructor. Consider adding the 'required' modifier or declaring the property as nullable. [C:\Users\SHAH\source\repos\sqlSense\sqlSense.csproj]
C:\Users\SHAH\source\repos\sqlSense\Services\SimulationService.cs(27,37): warning CS8600: Converting null literal or possible null value to non-nullable type. [C:\Users\SHAH\source\repos\sqlSense\sqlSense.csproj]
C:\Users\SHAH\source\repos\sqlSense\Services\SimulationService.cs(28,72): warning CS8604: Possible null reference argument for parameter 'value' in 'SimulationResult? JsonConvert.DeserializeObject<SimulationResult>(string value)'. [C:\Users\SHAH\source\repos\sqlSense\sqlSense.csproj]
C:\Users\SHAH\source\repos\sqlSense\Services\SimulationService.cs(28,24): warning CS8603: Possible null reference return. [C:\Users\SHAH\source\repos\sqlSense\sqlSense.csproj]
  sqlSense -> C:\Users\SHAH\source\repos\sqlSense\bin\Debug\net8.0-windows\sqlSense.dll

Build succeeded.

C:\Users\SHAH\source\repos\sqlSense\Services\SimulationService.cs(70,23): warning CS8618: Non-nullable property 'Status' must contain a non-null value when exiting constructor. Consider adding the 'required' modifier or declaring the property as nullable. [C:\Users\SHAH\source\repos\sqlSense\sqlSense_5pbvaapq_wpftmp.csproj]
C:\Users\SHAH\source\repos\sqlSense\Services\SimulationService.cs(76,56): warning CS8618: Non-nullable property 'FlowData' must contain a non-null value when exiting constructor. Consider adding the 'required' modifier or declaring the property as nullable. [C:\Users\SHAH\source\repos\sqlSense\sqlSense_5pbvaapq_wpftmp.csproj]
C:\Users\SHAH\source\repos\sqlSense\Services\SimulationService.cs(61,23): warning CS8618: Non-nullable property 'From' must contain a non-null value when exiting constructor. Consider adding the 'required' modifier or declaring the property as nullable. [C:\Users\SHAH\source\repos\sqlSense\sqlSense_5pbvaapq_wpftmp.csproj]
C:\Users\SHAH\source\repos\sqlSense\Services\SimulationService.cs(64,23): warning CS8618: Non-nullable property 'To' must contain a non-null value when exiting constructor. Consider adding the 'required' modifier or declaring the property as nullable. [C:\Users\SHAH\source\repos\sqlSense\sqlSense_5pbvaapq_wpftmp.csproj]
C:\Users\SHAH\source\repos\sqlSense\Services\SimulationService.cs(49,23): warning CS8618: Non-nullable property 'Id' must contain a non-null value when exiting constructor. Consider adding the 'required' modifier or declaring the property as nullable. [C:\Users\SHAH\source\repos\sqlSense\sqlSense_5pbvaapq_wpftmp.csproj]
C:\Users\SHAH\source\repos\sqlSense\Services\SimulationService.cs(52,23): warning CS8618: Non-nullable property 'NodeType' must contain a non-null value when exiting constructor. Consider adding the 'required' modifier or declaring the property as nullable. [C:\Users\SHAH\source\repos\sqlSense\sqlSense_5pbvaapq_wpftmp.csproj]
C:\Users\SHAH\source\repos\sqlSense\Services\SimulationService.cs(55,23): warning CS8618: Non-nullable property 'Metadata' must contain a non-null value when exiting constructor. Consider adding the 'required' modifier or declaring the property as nullable. [C:\Users\SHAH\source\repos\sqlSense\sqlSense_5pbvaapq_wpftmp.csproj]
C:\Users\SHAH\source\repos\sqlSense\Services\SimulationService.cs(27,37): warning CS8600: Converting null literal or possible null value to non-nullable type. [C:\Users\SHAH\source\repos\sqlSense\sqlSense_5pbvaapq_wpftmp.csproj]
C:\Users\SHAH\source\repos\sqlSense\Services\SimulationService.cs(28,72): warning CS8604: Possible null reference argument for parameter 'value' in 'SimulationResult? JsonConvert.DeserializeObject<SimulationResult>(string value)'. [C:\Users\SHAH\source\repos\sqlSense\sqlSense_5pbvaapq_wpftmp.csproj]
C:\Users\SHAH\source\repos\sqlSense\Services\SimulationService.cs(28,24): warning CS8603: Possible null reference return. [C:\Users\SHAH\source\repos\sqlSense\sqlSense_5pbvaapq_wpftmp.csproj]
C:\Users\SHAH\source\repos\sqlSense\Services\SimulationService.cs(70,23): warning CS8618: Non-nullable property 'Status' must contain a non-null value when exiting constructor. Consider adding the 'required' modifier or declaring the property as nullable. [C:\Users\SHAH\source\repos\sqlSense\sqlSense.csproj]
C:\Users\SHAH\source\repos\sqlSense\Services\SimulationService.cs(76,56): warning CS8618: Non-nullable property 'FlowData' must contain a non-null value when exiting constructor. Consider adding the 'required' modifier or declaring the property as nullable. [C:\Users\SHAH\source\repos\sqlSense\sqlSense.csproj]
C:\Users\SHAH\source\repos\sqlSense\Services\SimulationService.cs(61,23): warning CS8618: Non-nullable property 'From' must contain a non-null value when exiting constructor. Consider adding the 'required' modifier or declaring the property as nullable. [C:\Users\SHAH\source\repos\sqlSense\sqlSense.csproj]
C:\Users\SHAH\source\repos\sqlSense\Services\SimulationService.cs(64,23): warning CS8618: Non-nullable property 'To' must contain a non-null value when exiting constructor. Consider adding the 'required' modifier or declaring the property as nullable. [C:\Users\SHAH\source\repos\sqlSense\sqlSense.csproj]
C:\Users\SHAH\source\repos\sqlSense\Services\SimulationService.cs(49,23): warning CS8618: Non-nullable property 'Id' must contain a non-null value when exiting constructor. Consider adding the 'required' modifier or declaring the property as nullable. [C:\Users\SHAH\source\repos\sqlSense\sqlSense.csproj]
C:\Users\SHAH\source\repos\sqlSense\Services\SimulationService.cs(52,23): warning CS8618: Non-nullable property 'NodeType' must contain a non-null value when exiting constructor. Consider adding the 'required' modifier or declaring the property as nullable. [C:\Users\SHAH\source\repos\sqlSense\sqlSense.csproj]
C:\Users\SHAH\source\repos\sqlSense\Services\SimulationService.cs(55,23): warning CS8618: Non-nullable property 'Metadata' must contain a non-null value when exiting constructor. Consider adding the 'required' modifier or declaring the property as nullable. [C:\Users\SHAH\source\repos\sqlSense\sqlSense.csproj]
C:\Users\SHAH\source\repos\sqlSense\Services\SimulationService.cs(27,37): warning CS8600: Converting null literal or possible null value to non-nullable type. [C:\Users\SHAH\source\repos\sqlSense\sqlSense.csproj]
C:\Users\SHAH\source\repos\sqlSense\Services\SimulationService.cs(28,72): warning CS8604: Possible null reference argument for parameter 'value' in 'SimulationResult? JsonConvert.DeserializeObject<SimulationResult>(string value)'. [C:\Users\SHAH\source\repos\sqlSense\sqlSense.csproj]
C:\Users\SHAH\source\repos\sqlSense\Services\SimulationService.cs(28,24): warning CS8603: Possible null reference return. [C:\Users\SHAH\source\repos\sqlSense\sqlSense.csproj]
    20 Warning(s)
    0 Error(s)

Time Elapsed 00:00:02.19
